PS F:\repos\repos_python\PythonEjemplosWebAPI\ejemplo6_django> set PIPENV_VENV_IN_PROJECT=1
PS F:\repos\repos_python\PythonEjemplosWebAPI\ejemplo6_django> mkdir .venv


    Directorio: F:\repos\repos_python\PythonEjemplosWebAPI\ejemplo6_django

Mode                 LastWriteTime         Length Name                                                                                                               
----                 -------------         ------ ----                                                                                                               
d-----         7/10/2023     22:03                .venv                                                                                                              


PS F:\repos\repos_python\PythonEjemplosWebAPI\ejemplo6_django> pipenv --python C:\Users\fernando\AppData\Local\Programs\Python\Python311\python.exe
Creating a virtualenv for this project...
Pipfile: F:\repos\repos_python\PythonEjemplosWebAPI\ejemplo6_django\Pipfile
Using C:\Users\fernando\AppData\Local\Programs\Python\Python311\python.exe (3.11.4) to create virtualenv...
[=== ] Creating virtual environment...created virtual environment CPython3.11.4.final.0-64 in 309ms
  creator CPython3Windows(dest=F:\repos\repos_python\PythonEjemplosWebAPI\ejemplo6_django\.venv, clear=False, no_vcs_ignore=False, global=False)
  seeder FromAppData(download=False, pip=bundle, setuptools=bundle, wheel=bundle, via=copy, app_data_dir=C:\Users\fernando\AppData\Local\pypa\virtualenv)
    added seed packages: pip==23.2.1, setuptools==68.2.2, wheel==0.41.2
  activators BashActivator,BatchActivator,FishActivator,NushellActivator,PowerShellActivator,PythonActivator

Successfully created virtual environment!
Virtualenv location: F:\repos\repos_python\PythonEjemplosWebAPI\ejemplo6_django\.venv


PS F:\repos\repos_python\PythonEjemplosWebAPI\ejemplo4_django> pipenv shell

Launching subshell in virtual environment...
Windows PowerShell
Copyright (C) Microsoft Corporation. Todos los derechos reservados.

Prueba la nueva tecnología PowerShell multiplataforma https://aka.ms/pscore6

PS F:\repos\repos_python\PythonEjemplosWebAPI\ejemplo4_django> pipenv install
Pipfile.lock not found, creating...
Locking [packages] dependencies...
Locking [dev-packages] dependencies...
Updated Pipfile.lock (ef8d188e58d2c0ad1ff891e5b9f4d93d88e5c7ef7abe1ad1fe4e2281a6e03633)!
Installing dependencies from Pipfile.lock (e03633)...
PS F:\repos\repos_python\PythonEjemplosWebAPI\ejemplo4_django> pip install django djangorestframework
Collecting django
  Obtaining dependency information for django from https://files.pythonhosted.org/packages/b9/45/707dfc56f381222c1c798503546cb390934ab246fc45b5051ef66e31099c/Django-4.2.6-py3-none-any.whl.metadata
  Downloading Django-4.2.6-py3-none-any.whl.metadata (4.1 kB)
Collecting djangorestframework
  Obtaining dependency information for asgiref<4,>=3.6.0 from https://files.pythonhosted.org/packages/9b/80/b9051a4a07ad231558fcd8ffc89232711b4e618c15cb7a392a17384bb  Downloading asgiref-3.7.2-py3-none-any.whl.metadata (9.2 kB)
Collecting sqlparse>=0.3.1 (from django)
  Downloading sqlparse-0.4.4-py3-none-any.whl (41 kB)
     ━━━━━━━━━━━━━━━━━━━━━━━━━━━━━━━━━━━━━━━━ 41.2/41.2 kB ? eta 0:00:00
Collecting tzdata (from django)
  Downloading tzdata-2023.3-py2.py3-none-any.whl (341 kB)
     ━━━━━━━━━━━━━━━━━━━━━━━━━━━━━━━━━━━━━━━━ 341.8/341.8 kB ? eta 0:00:00
Collecting pytz (from djangorestframework)
.3.post1-py2.py3-none-any.whl.metadata
  Downloading pytz-2023.3.post1-py2.py3-none-any.whl.metadata (22 kB)
Downloading Django-4.2.6-py3-none-any.whl (8.0 MB)
   ━━━━━━━━━━━━━━━━━━━━━━━━━━━━━━━━━━━━━━━━ 8.0/8.0 MB 36.4 MB/s eta 0:00:00
Downloading asgiref-3.7.2-py3-none-any.whl (24 kB)
Downloading pytz-2023.3.post1-py2.py3-none-any.whl (502 kB)
   ━━━━━━━━━━━━━━━━━━━━━━━━━━━━━━━━━━━━━━━━ 502.5/502.5 kB 32.8 MB/s eta 0:00:00
Installing collected packages: pytz, tzdata, sqlparse, asgiref, django, djangorestframework
PS F:\repos\repos_python\PythonEjemplosWebAPI\ejemplo4_django\ejemplo4_djangorestframework> python manage.py startapp api
PS F:\repos\repos_python\PythonEjemplosWebAPI\ejemplo4_django\ejemplo4_djangorestframework> PS F:\repos\repos_python\PythonEjemplosWebAPI\ejemplo4_django\ejemplo4_djGet-Process : No se encuentra ningún parámetro de posición que acepte el argumento 'python'.
+ PS F:\repos\repos_python\PythonEjemplosWebAPI\ejemplo4_django\ejemplo ...
    + CategoryInfo          : InvalidArgument: (:) [Get-Process], ParameterBindingException
    + FullyQualifiedErrorId : PositionalParameterNotFound,Microsoft.PowerShell.Commands.GetProcessCommand
 
PS F:\repos\repos_python\PythonEjemplosWebAPI\ejemplo4_django\ejemplo4_djangorestframework> PS F:\repos\repos_python\PythonEjemplosWebAPI\ejemplo4_django\ejemplo4_djangorestframework> python manage.py makemigrations
Get-Process : No se encuentra ningún parámetro de posición que acepte el argumento 'python'.
En línea: 1 Carácter: 1
+ PS F:\repos\repos_python\PythonEjemplosWebAPI\ejemplo4_django\ejemplo ...
+ ~~~~~~~~~~~~~~~~~~~~~~~~~~~~~~~~~~~~~~~~~~~~~~~~~~~~~~~~~~~~~~~~~~~~~
    + CategoryInfo          : InvalidArgument: (:) [Get-Process], ParameterBindingException
    + FullyQualifiedErrorId : PositionalParameterNotFound,Microsoft.PowerShell.Commands.GetProcessCommand
 
PS F:\repos\repos_python\PythonEjemplosWebAPI\ejemplo4_django\ejemplo4_djangorestframework> pipenv --python C:\Users\fernando\AppData\Local\Programs\Python\Python311\python.exe
PS F:\repos\repos_python\PythonEjemplosWebAPI\ejemplo4_django\ejemplo4_djangorestframework> set PIPENV_VENV_IN_PROJECT=1
PS F:\repos\repos_python\PythonEjemplosWebAPI\ejemplo4_django\ejemplo4_djangorestframework> pipenv shell
Shell for C:\Users\fernando\.virtualenvs\ejemplo4_django-AEk3DkTY already activated.
New shell not activated to avoid nested environments.
PS F:\repos\repos_python\PythonEjemplosWebAPI\ejemplo4_django\ejemplo4_djangorestframework> pipenv install
Installing dependencies from Pipfile.lock (e03633)...
PS F:\repos\repos_python\PythonEjemplosWebAPI\ejemplo4_django\ejemplo4_djangorestframework> python manage.py makemigrations
PS F:\repos\repos_python\PythonEjemplosWebAPI\ejemplo4_django\ejemplo4_djangorestframework> python manage.py migrate
Operations to perform:
  Apply all migrations: admin, auth, contenttypes, sessions
Running migrations:
  Applying contenttypes.0001_initial... OK
  Applying auth.0001_initial... OK
  Applying admin.0001_initial... OK
  Applying admin.0002_logentry_remove_auto_add... OK
  Applying admin.0003_logentry_add_action_flag_choices... OK
  Applying contenttypes.0002_remove_content_type_name... OK
  Applying auth.0002_alter_permission_name_max_length... OK
  Applying auth.0003_alter_user_email_max_length... OK
  Applying auth.0004_alter_user_username_opts... OK
  Applying auth.0005_alter_user_last_login_null... OK
  Applying auth.0006_require_contenttypes_0002... OK
  Applying auth.0007_alter_validators_add_error_messages... OK
  Applying auth.0008_alter_user_username_max_length... OK
  Applying auth.0009_alter_user_last_name_max_length... OK
  Applying auth.0010_alter_group_name_max_length... OK
  Applying auth.0011_update_proxy_permissions... OK
  Applying auth.0012_alter_user_first_name_max_length... OK
  Applying sessions.0001_initial... OK
PS F:\repos\repos_python\PythonEjemplosWebAPI\ejemplo4_django\ejemplo4_djangorestframework> python manage.py runserver
Watching for file changes with StatReloader
Performing system checks...

System check identified no issues (0 silenced).
October 07, 2023 - 17:53:15
Django version 4.2.6, using settings 'ejemplo4_djangorestframework.settings'
Starting development server at http://127.0.0.1:8000/
Quit the server with CTRL-BREAK.

[07/Oct/2023 17:53:27] "GET / HTTP/1.1" 200 10664
Not Found: /favicon.ico
[07/Oct/2023 17:53:27] "GET /favicon.ico HTTP/1.1" 404 2132
Not Found: /api
[07/Oct/2023 17:53:49] "GET /api HTTP/1.1" 404 2108
[07/Oct/2023 17:53:58] "GET /admin HTTP/1.1" 301 0
[07/Oct/2023 17:53:58] "GET /admin/ HTTP/1.1" 302 0
[07/Oct/2023 17:53:58] "GET /admin/login/?next=/admin/ HTTP/1.1" 200 4181
[07/Oct/2023 17:53:58] "GET /static/admin/css/base.css HTTP/1.1" 200 21207
[07/Oct/2023 17:53:58] "GET /static/admin/css/responsive.css HTTP/1.1" 200 18533
[07/Oct/2023 17:53:58] "GET /static/admin/css/nav_sidebar.css HTTP/1.1" 200 2694
[07/Oct/2023 17:53:58] "GET /static/admin/css/dark_mode.css HTTP/1.1" 200 2929
[07/Oct/2023 17:53:58] "GET /static/admin/css/login.css HTTP/1.1" 200 958
[07/Oct/2023 17:53:58] "GET /static/admin/js/nav_sidebar.js HTTP/1.1" 200 3063
[07/Oct/2023 17:53:58] "GET /static/admin/js/theme.js HTTP/1.1" 200 1943
[07/Oct/2023 17:54:08] "POST /admin/login/?next=/admin/ HTTP/1.1" 200 4342